ampersand.c: In function 'main':
ampersand.c:11:2: warning: incompatible implicit declaration of built-in function 'printf' [enabled by default]
ampersand.c:11:2: warning: format '%d' expects argument of type 'int', but argument 2 has type 'long int' [-Wformat]
ampersand.c:13:2: warning: format '%d' expects argument of type 'int', but argument 2 has type 'long int' [-Wformat]
