bubblesort.c: In function 'printArray':
bubblesort.c:19:2: warning: incompatible implicit declaration of built-in function 'printf' [enabled by default]
bubblesort.c:21:3: warning: format '%d' expects argument of type 'int', but argument 2 has type 'long int' [-Wformat]
bubblesort.c: In function 'main':
bubblesort.c:31:6: warning: incompatible implicit declaration of built-in function 'malloc' [enabled by default]
