char.c: In function 'main':
char.c:9:2: warning: incompatible implicit declaration of built-in function 'printf' [enabled by default]
