char2.c: In function 'main':
char2.c:7:6: warning: incompatible implicit declaration of built-in function 'malloc' [enabled by default]
char2.c:12:2: warning: incompatible implicit declaration of built-in function 'printf' [enabled by default]
