div.c: In function 'main':
div.c:4:2: warning: incompatible implicit declaration of built-in function 'printf' [enabled by default]
div.c:5:2: warning: unknown conversion type character '=' in format [-Wformat]
