dowhile.c: In function 'main':
dowhile.c:9:3: warning: incompatible implicit declaration of built-in function 'printf' [enabled by default]
dowhile.c:9:3: warning: format '%d' expects argument of type 'int', but argument 2 has type 'long int' [-Wformat]
dowhile.c:14:2: warning: incompatible implicit declaration of built-in function 'printf' [enabled by default]
