expr2.c: In function 'main':
expr2.c:17:2: warning: incompatible implicit declaration of built-in function 'printf' [enabled by default]
expr2.c:17:2: warning: format '%d' expects argument of type 'int', but argument 2 has type 'long int' [-Wformat]
expr2.c:17:2: warning: format '%d' expects argument of type 'int', but argument 3 has type 'long int' [-Wformat]
