fact.c: In function 'main':
fact.c:9:2: warning: incompatible implicit declaration of built-in function 'printf' [enabled by default]
fact.c:9:2: warning: format '%d' expects argument of type 'int', but argument 2 has type 'long int' [-Wformat]
