for.c: In function 'main':
for.c:7:3: warning: incompatible implicit declaration of built-in function 'printf' [enabled by default]
for.c:7:3: warning: format '%d' expects argument of type 'int', but argument 2 has type 'long int' [-Wformat]
for.c:10:2: warning: incompatible implicit declaration of built-in function 'printf' [enabled by default]
