local.c: In function 'main':
local.c:7:2: warning: incompatible implicit declaration of built-in function 'printf' [enabled by default]
local.c:7:2: warning: format '%d' expects argument of type 'int', but argument 2 has type 'long int' [-Wformat]
