max.c: In function 'main':
max.c:25:6: warning: incompatible implicit declaration of built-in function 'malloc' [enabled by default]
max.c:39:3: warning: incompatible implicit declaration of built-in function 'printf' [enabled by default]
max.c:39:3: warning: format '%d' expects argument of type 'int', but argument 2 has type 'long int' [-Wformat]
max.c:39:3: warning: format '%d' expects argument of type 'int', but argument 3 has type 'long int' [-Wformat]
max.c:42:2: warning: incompatible implicit declaration of built-in function 'printf' [enabled by default]
max.c:42:2: warning: format '%d' expects argument of type 'int', but argument 2 has type 'long int' [-Wformat]
max.c:43:2: warning: format '%d' expects argument of type 'int', but argument 2 has type 'long int' [-Wformat]
