nested.c: In function 'main':
nested.c:13:2: warning: incompatible implicit declaration of built-in function 'printf' [enabled by default]
nested.c:13:2: warning: format '%d' expects argument of type 'int', but argument 2 has type 'long int' [-Wformat]
