sum.c: In function 'main':
sum.c:14:6: warning: incompatible implicit declaration of built-in function 'malloc' [enabled by default]
sum.c:21:2: warning: incompatible implicit declaration of built-in function 'printf' [enabled by default]
sum.c:21:2: warning: format '%d' expects argument of type 'int', but argument 2 has type 'long int' [-Wformat]
