while.c: In function 'main':
while.c:9:3: warning: incompatible implicit declaration of built-in function 'printf' [enabled by default]
while.c:9:3: warning: format '%d' expects argument of type 'int', but argument 2 has type 'long int' [-Wformat]
while.c:13:2: warning: incompatible implicit declaration of built-in function 'printf' [enabled by default]
